// Jest Snapshot v1, https://goo.gl/fbAQLP

exports[`renders homepage unchanged 1`] = `
<div>
  <div
    class="appContainer"
  >
    <button
      class="selectAllButton"
    >
      Select All
    </button>
    <div
      class="wrapContainer"
    >
      <div
        class="treeContainer"
      >
        <div
          class="categoryItem"
        >
          <input
            class="checkbox"
            id="checkbox-14100"
            type="checkbox"
          />
          <label
            class="label "
            for="checkbox-14100"
          >
            Dames
          </label>
          <span
            class="arrowContainer"
          >
            <svg
              class="arrow "
              height="256px"
              viewBox="0 0 256 256"
              width="256px"
              xml:space="preserve"
              xmlns="http://www.w3.org/2000/svg"
              xmlns:xlink="http://www.w3.org/1999/xlink"
            >
              <g
                style="stroke: none; stroke-width: 0; stroke-dasharray: none; stroke-linecap: butt; stroke-linejoin: miter; stroke-miterlimit: 10; fill: none; fill-rule: nonzero; opacity: 1;"
                transform="translate(1.4065934065934016 1.4065934065934016) scale(2.81 2.81)"
              >
                <path
                  d="M 90 24.25 c 0 -0.896 -0.342 -1.792 -1.025 -2.475 c -1.366 -1.367 -3.583 -1.367 -4.949 0 L 45 60.8 L 5.975 21.775 c -1.367 -1.367 -3.583 -1.367 -4.95 0 c -1.366 1.367 -1.366 3.583 0 4.95 l 41.5 41.5 c 1.366 1.367 3.583 1.367 4.949 0 l 41.5 -41.5 C 89.658 26.042 90 25.146 90 24.25 z"
                  stroke-linecap="round"
                  style="stroke: none; stroke-width: 1; stroke-dasharray: none; stroke-linecap: butt; stroke-linejoin: miter; stroke-miterlimit: 10; fill: black; fill-rule: nonzero; opacity: 1;"
                  transform="matrix(1 0 0 1 0 0)"
                />
              </g>
            </svg>
          </span>
        </div>
        <div
          class="categoryItem"
        >
          <input
            class="checkbox"
            id="checkbox-21251"
            type="checkbox"
          />
          <label
            class="label "
            for="checkbox-21251"
          >
            Heren
          </label>
          <span
            class="arrowContainer"
          >
            <svg
              class="arrow "
              height="256px"
              viewBox="0 0 256 256"
              width="256px"
              xml:space="preserve"
              xmlns="http://www.w3.org/2000/svg"
              xmlns:xlink="http://www.w3.org/1999/xlink"
            >
              <g
                style="stroke: none; stroke-width: 0; stroke-dasharray: none; stroke-linecap: butt; stroke-linejoin: miter; stroke-miterlimit: 10; fill: none; fill-rule: nonzero; opacity: 1;"
                transform="translate(1.4065934065934016 1.4065934065934016) scale(2.81 2.81)"
              >
                <path
                  d="M 90 24.25 c 0 -0.896 -0.342 -1.792 -1.025 -2.475 c -1.366 -1.367 -3.583 -1.367 -4.949 0 L 45 60.8 L 5.975 21.775 c -1.367 -1.367 -3.583 -1.367 -4.95 0 c -1.366 1.367 -1.366 3.583 0 4.95 l 41.5 41.5 c 1.366 1.367 3.583 1.367 4.949 0 l 41.5 -41.5 C 89.658 26.042 90 25.146 90 24.25 z"
                  stroke-linecap="round"
                  style="stroke: none; stroke-width: 1; stroke-dasharray: none; stroke-linecap: butt; stroke-linejoin: miter; stroke-miterlimit: 10; fill: black; fill-rule: nonzero; opacity: 1;"
                  transform="matrix(1 0 0 1 0 0)"
                />
              </g>
            </svg>
          </span>
        </div>
        <div
          class="categoryItem"
        >
          <input
            class="checkbox"
            id="checkbox-14126"
            type="checkbox"
          />
          <label
            class="label "
            for="checkbox-14126"
          >
            Kids
          </label>
          <span
            class="arrowContainer"
          >
            <svg
              class="arrow "
              height="256px"
              viewBox="0 0 256 256"
              width="256px"
              xml:space="preserve"
              xmlns="http://www.w3.org/2000/svg"
              xmlns:xlink="http://www.w3.org/1999/xlink"
            >
              <g
                style="stroke: none; stroke-width: 0; stroke-dasharray: none; stroke-linecap: butt; stroke-linejoin: miter; stroke-miterlimit: 10; fill: none; fill-rule: nonzero; opacity: 1;"
                transform="translate(1.4065934065934016 1.4065934065934016) scale(2.81 2.81)"
              >
                <path
                  d="M 90 24.25 c 0 -0.896 -0.342 -1.792 -1.025 -2.475 c -1.366 -1.367 -3.583 -1.367 -4.949 0 L 45 60.8 L 5.975 21.775 c -1.367 -1.367 -3.583 -1.367 -4.95 0 c -1.366 1.367 -1.366 3.583 0 4.95 l 41.5 41.5 c 1.366 1.367 3.583 1.367 4.949 0 l 41.5 -41.5 C 89.658 26.042 90 25.146 90 24.25 z"
                  stroke-linecap="round"
                  style="stroke: none; stroke-width: 1; stroke-dasharray: none; stroke-linecap: butt; stroke-linejoin: miter; stroke-miterlimit: 10; fill: black; fill-rule: nonzero; opacity: 1;"
                  transform="matrix(1 0 0 1 0 0)"
                />
              </g>
            </svg>
          </span>
        </div>
      </div>
      <div
        class="selectedContainer"
      >
        <h2>
          Selected Categories
        </h2>
        <ul />
      </div>
    </div>
  </div>
</div>
`;
